// Jest Snapshot v1, https://goo.gl/fbAQLP

exports[` Pruebas en <GifItem /> debe de hacer match con el  snapshot 1`] = `
<div>
  <div
    class="card"
  >
    <img
      alt="Erland"
      src="https://www.erland.com/erland.jpg"
    />
    <p>
      Erland
    </p>
  </div>
</div>
`;
